// Jest Snapshot v1, https://goo.gl/fbAQLP

exports[`(1) Default render 1`] = `
<div
  className="suggestion relative z-[11]"
>
  <a>
    Search
  </a>
  <div />
</div>
`;
