// Jest Snapshot v1, https://goo.gl/fbAQLP

exports[`(1) Default render 1`] = `
Array [
  <button
    className="cursor-pointer rounded-full duration-300 no-wrap flex items-center justify-center gap-2 bg-blue-dark-sky hover:bg-blue-dark-sky-hover focus:bg-blue-dark-sky-active text-white hover:text-white disabled:opacity-50 disabled:hover:bg-blue-dark-sky disabled:focus:bg-blue-dark-sky h-[2rem] text-sm font-[500] px-2 "
    disabled={false}
    onClick={[Function]}
    size="sm"
    style={
      Object {
        "outline": "none",
      }
    }
    type="button"
  >
    <div
      className="flex justify-center items-center min-w-[1.25rem] min-h-[1.25rem] max-w-[1.25rem] max-h-[1.25rem] [&>svg]:min-w-[1.25rem] [&>svg]:min-h-[1.25rem] [&>svg]:max-w-[1.25rem] [&>svg]:max-h-[1.25rem] "
    >
      <svg
        viewBox="0 0 24 24"
      >
        <path
          d="M9,16V10H5L12,3L19,10H15V16H9M5,20V18H19V20H5Z"
          fill="currentColor"
        />
      </svg>
    </div>
  </button>,
  <input
    accept="image/*"
    onChange={[Function]}
    style={
      Object {
        "display": "none",
      }
    }
    type="file"
  />,
]
`;
