// Jest Snapshot v1, https://goo.gl/fbAQLP

exports[`(1) Render list 1`] = `
<div
  className="friends-content"
>
  <div>
    <div>
      <div
        className="friends-filter"
      >
        <div
          className="filter-options"
        >
          <div
            className="dropdown-wrapper"
          >
            <div
              className="custom-dropdown float-top"
              onClick={[Function]}
              onMouseEnter={[Function]}
              onMouseLeave={[Function]}
            >
              <div
                className="dropdown-btn"
              >
                <div
                  className="label"
                >
                  Filter
                </div>
                <div
                  className="menu-down"
                >
                  <svg
                    viewBox="0 0 24 24"
                  >
                    <path
                      d="M7,10L12,15L17,10H7Z"
                      fill="currentColor"
                    />
                  </svg>
                </div>
              </div>
            </div>
          </div>
        </div>
      </div>
    </div>
  </div>
  <div
    className="friends-list"
  >
    <div
      className="friend-search-box"
    >
      <input
        className="form-control"
        onChange={[Function]}
        onKeyDown={[Function]}
        placeholder="Search"
        value=""
      />
    </div>
    <div
      className="list-body"
    >
      <div
        className="list-item"
      >
        <div
          className="item-main"
        >
          <a
            href="/@user1"
            onClick={[Function]}
          >
            <span
              className="user-avatar small"
              onClick={[Function]}
              style={
                Object {
                  "backgroundImage": "url(https://images.ecency.com/u/user1/avatar/small)",
                }
              }
            />
          </a>
          <div
            className="item-info"
          >
            <a
              href="/@user1"
              onClick={[Function]}
            >
              <span
                className="item-name notranslate"
              >
                user1
              </span>
            </a>
          </div>
        </div>
        <div
          className="last-seen mt-1"
        >
          <a
            href="#"
          >
            Active: a few seconds ago
          </a>
        </div>
      </div>
      <div
        className="list-item"
      >
        <div
          className="item-main"
        >
          <a
            href="/@user2"
            onClick={[Function]}
          >
            <span
              className="user-avatar small"
              onClick={[Function]}
              style={
                Object {
                  "backgroundImage": "url(https://images.ecency.com/u/user2/avatar/small)",
                }
              }
            />
          </a>
          <div
            className="item-info"
          >
            <a
              href="/@user2"
              onClick={[Function]}
            >
              <span
                className="item-name notranslate"
              >
                user2
              </span>
            </a>
          </div>
        </div>
        <div
          className="last-seen mt-1"
        >
          <a
            href="#"
          >
            Active: a few seconds ago
          </a>
        </div>
      </div>
      <div
        className="list-item"
      >
        <div
          className="item-main"
        >
          <a
            href="/@user3"
            onClick={[Function]}
          >
            <span
              className="user-avatar small"
              onClick={[Function]}
              style={
                Object {
                  "backgroundImage": "url(https://images.ecency.com/u/user3/avatar/small)",
                }
              }
            />
          </a>
          <div
            className="item-info"
          >
            <a
              href="/@user3"
              onClick={[Function]}
            >
              <span
                className="item-name notranslate"
              >
                user3
              </span>
            </a>
          </div>
        </div>
        <div
          className="last-seen mt-1"
        >
          <a
            href="#"
          >
            Active: a few seconds ago
          </a>
        </div>
      </div>
    </div>
  </div>
  <div
    className="load-more"
  >
    <button
      className="btn btn-primary"
      disabled={true}
      onClick={[Function]}
      type="button"
    >
      Load More
    </button>
  </div>
</div>
`;
